Archive member included because of file (symbol)

c:/program files (x86)/emblocks/2.30/share/em_armgcc/bin/../lib/gcc/arm-none-eabi/4.7.3/../../../../arm-none-eabi/lib/armv7-m\libc_n.a(lib_a-exit.o)
                              c:/program files (x86)/emblocks/2.30/share/em_armgcc/bin/../lib/gcc/arm-none-eabi/4.7.3/../../../../arm-none-eabi/lib/armv7-m/crt0.o (exit)
c:/program files (x86)/emblocks/2.30/share/em_armgcc/bin/../lib/gcc/arm-none-eabi/4.7.3/../../../../arm-none-eabi/lib/armv7-m\libc_n.a(lib_a-impure.o)
                              c:/program files (x86)/emblocks/2.30/share/em_armgcc/bin/../lib/gcc/arm-none-eabi/4.7.3/../../../../arm-none-eabi/lib/armv7-m\libc_n.a(lib_a-exit.o) (_global_impure_ptr)
c:/program files (x86)/emblocks/2.30/share/em_armgcc/bin/../lib/gcc/arm-none-eabi/4.7.3/../../../../arm-none-eabi/lib/armv7-m\libc_n.a(lib_a-init.o)
                              c:/program files (x86)/emblocks/2.30/share/em_armgcc/bin/../lib/gcc/arm-none-eabi/4.7.3/../../../../arm-none-eabi/lib/armv7-m/crt0.o (__libc_init_array)
c:/program files (x86)/emblocks/2.30/share/em_armgcc/bin/../lib/gcc/arm-none-eabi/4.7.3/../../../../arm-none-eabi/lib/armv7-m\libc_n.a(lib_a-memset.o)
                              c:/program files (x86)/emblocks/2.30/share/em_armgcc/bin/../lib/gcc/arm-none-eabi/4.7.3/../../../../arm-none-eabi/lib/armv7-m/crt0.o (memset)
c:/program files (x86)/emblocks/2.30/share/em_armgcc/bin/../lib/gcc/arm-none-eabi/4.7.3/../../../../arm-none-eabi/lib/armv7-m\libnosys.a(_exit.o)
                              c:/program files (x86)/emblocks/2.30/share/em_armgcc/bin/../lib/gcc/arm-none-eabi/4.7.3/../../../../arm-none-eabi/lib/armv7-m\libc_n.a(lib_a-exit.o) (_exit)

Allocating common symbols
Common symbol       size              file

p_PacketStruct      0x4               obj\debug\src\main.o
DelayCnt            0x2               obj\debug\src\main.o
Temp                0x2               obj\debug\src\main.o
LED_Cnt             0x2               obj\debug\src\main.o
SystemTimer         0x4               obj\debug\src\main.o
TmpArray            0x14              obj\debug\src\main.o
p_SHT_Struct        0x4               obj\debug\src\main.o
Flags               0x4               obj\debug\src\main.o
DataSend_Cnt        0x2               obj\debug\src\main.o

Discarded input sections

 .text          0x00000000        0x0 c:/program files (x86)/emblocks/2.30/share/em_armgcc/bin/../lib/gcc/arm-none-eabi/4.7.3/armv7-m/crti.o
 .data          0x00000000        0x0 c:/program files (x86)/emblocks/2.30/share/em_armgcc/bin/../lib/gcc/arm-none-eabi/4.7.3/armv7-m/crti.o
 .bss           0x00000000        0x0 c:/program files (x86)/emblocks/2.30/share/em_armgcc/bin/../lib/gcc/arm-none-eabi/4.7.3/armv7-m/crti.o
 .data          0x00000000        0x4 c:/program files (x86)/emblocks/2.30/share/em_armgcc/bin/../lib/gcc/arm-none-eabi/4.7.3/armv7-m/crtbegin.o
 .data          0x00000000        0x0 c:/program files (x86)/emblocks/2.30/share/em_armgcc/bin/../lib/gcc/arm-none-eabi/4.7.3/../../../../arm-none-eabi/lib/armv7-m/crt0.o
 .bss           0x00000000        0x0 c:/program files (x86)/emblocks/2.30/share/em_armgcc/bin/../lib/gcc/arm-none-eabi/4.7.3/../../../../arm-none-eabi/lib/armv7-m/crt0.o
 .ARM.extab     0x00000000        0x0 c:/program files (x86)/emblocks/2.30/share/em_armgcc/bin/../lib/gcc/arm-none-eabi/4.7.3/../../../../arm-none-eabi/lib/armv7-m/crt0.o
 .group         0x00000000        0x8 obj\debug\spl\src\misc.o
 .group         0x00000000        0x8 obj\debug\spl\src\misc.o
 .group         0x00000000        0x8 obj\debug\spl\src\misc.o
 .group         0x00000000        0x8 obj\debug\spl\src\misc.o
 .group         0x00000000        0x8 obj\debug\spl\src\misc.o
 .group         0x00000000        0x8 obj\debug\spl\src\misc.o
 .group         0x00000000        0x8 obj\debug\spl\src\misc.o
 .group         0x00000000        0x8 obj\debug\spl\src\misc.o
 .group         0x00000000        0x8 obj\debug\spl\src\misc.o
 .group         0x00000000        0x8 obj\debug\spl\src\misc.o
 .group         0x00000000        0x8 obj\debug\spl\src\misc.o
 .group         0x00000000        0x8 obj\debug\spl\src\misc.o
 .group         0x00000000        0x8 obj\debug\spl\src\misc.o
 .group         0x00000000        0x8 obj\debug\spl\src\misc.o
 .group         0x00000000        0x8 obj\debug\spl\src\misc.o
 .group         0x00000000        0x8 obj\debug\spl\src\misc.o
 .group         0x00000000        0x8 obj\debug\spl\src\misc.o
 .group         0x00000000        0x8 obj\debug\spl\src\misc.o
 .group         0x00000000        0x8 obj\debug\spl\src\misc.o
 .group         0x00000000        0x8 obj\debug\spl\src\misc.o
 .group         0x00000000        0x8 obj\debug\spl\src\misc.o
 .group         0x00000000        0x8 obj\debug\spl\src\misc.o
 .group         0x00000000        0x8 obj\debug\spl\src\misc.o
 .group         0x00000000        0x8 obj\debug\spl\src\misc.o
 .group         0x00000000        0x8 obj\debug\spl\src\misc.o
[...]
Memory Configuration

Name             Origin             Length             Attributes
ROM              0x08000000         0x00020000         xr
RAM              0x20000000         0x00005000         xrw
*default*        0x00000000         0xffffffff

Linker script and memory map

LOAD c:/program files (x86)/emblocks/2.30/share/em_armgcc/bin/../lib/gcc/arm-none-eabi/4.7.3/armv7-m/crti.o
LOAD c:/program files (x86)/emblocks/2.30/share/em_armgcc/bin/../lib/gcc/arm-none-eabi/4.7.3/armv7-m/crtbegin.o
LOAD c:/program files (x86)/emblocks/2.30/share/em_armgcc/bin/../lib/gcc/arm-none-eabi/4.7.3/../../../../arm-none-eabi/lib/armv7-m/crt0.o
                0x00000000                __HEAP_SIZE = 0x0
                0x00000200                __STACK_SIZE = 0x200

.text           0x08000000     0x1e44
 *(.isr_vector)
 .isr_vector    0x08000000       0xec obj\debug\src\startup_stm32f10x_md.o
                0x08000000                __isr_vector
 *(.text*)
 .text          0x080000ec       0x54 c:/program files (x86)/emblocks/2.30/share/em_armgcc/bin/../lib/gcc/arm-none-eabi/4.7.3/armv7-m/crtbegin.o
 .text          0x08000140       0x74 c:/program files (x86)/emblocks/2.30/share/em_armgcc/bin/../lib/gcc/arm-none-eabi/4.7.3/../../../../arm-none-eabi/lib/armv7-m/crt0.o
                0x08000140                _start
                0x08000140                _mainCRTStartup
 .text.GPIO_Init
                0x080001b4      0x1b0 obj\debug\spl\src\stm32f10x_gpio.o
                0x080001b4                GPIO_Init
 .text.RCC_PLLConfig
                0x08000364       0x48 obj\debug\spl\src\stm32f10x_rcc.o
                0x08000364                RCC_PLLConfig
 .text.RCC_PLLCmd
                0x080003ac       0x20 obj\debug\spl\src\stm32f10x_rcc.o
                0x080003ac                RCC_PLLCmd
 .text.RCC_APB2PeriphClockCmd
                0x080003cc       0x54 obj\debug\spl\src\stm32f10x_rcc.o
                0x080003cc                RCC_APB2PeriphClockCmd
 .text.SPI_Init
                0x08000420       0x88 obj\debug\spl\src\stm32f10x_spi.o
                0x08000420                SPI_Init
 .text.SPI_Cmd  0x080004a8       0x40 obj\debug\spl\src\stm32f10x_spi.o
                0x080004a8                SPI_Cmd
 .text.SPI_I2S_SendData
                0x080004e8       0x1c obj\debug\spl\src\stm32f10x_spi.o
                0x080004e8                SPI_I2S_SendData
 .text.SPI_I2S_ReceiveData
                0x08000504       0x1c obj\debug\spl\src\stm32f10x_spi.o
                0x08000504                SPI_I2S_ReceiveData
 .text.SPI_I2S_GetFlagStatus
                0x08000520       0x40 obj\debug\spl\src\stm32f10x_spi.o
                0x08000520                SPI_I2S_GetFlagStatus
 .text.Loop     0x08000560       0x30 obj\debug\src\loops.o
                0x08000560                Loop
 .text.NVIC_SetPriority
                0x08000590       0x5c obj\debug\src\main.o
 .text.SysTick_Config
                0x080005ec       0x64 obj\debug\src\main.o
 .text.LightOnLED
                0x08000650       0x30 obj\debug\src\main.o
                0x08000650                LightOnLED
 .text.Delay_ms
                0x08000680       0x34 obj\debug\src\main.o
                0x08000680                Delay_ms
 .text.SysTick_Handler
                0x080006b4       0xb0 obj\debug\src\main.o
                0x080006b4                SysTick_Handler
 .text.LED_Init
                0x08000764       0x3c obj\debug\src\main.o
                0x08000764                LED_Init
 .text.main     0x080007a0      0x210 obj\debug\src\main.o
                0x080007a0                main
 .text.RFM_ReadRegister
                0x080009b0       0x60 obj\debug\src\rfm75.o
                0x080009b0                RFM_ReadRegister
 .text.RFM_WriteRegister
                0x08000a10       0x5c obj\debug\src\rfm75.o
                0x08000a10                RFM_WriteRegister
 .text.RFM_Activate
                0x08000a6c       0x54 obj\debug\src\rfm75.o
                0x08000a6c                RFM_Activate
 .text.RFM_WriteRegisterBuf
                0x08000ac0       0x7c obj\debug\src\rfm75.o
                0x08000ac0                RFM_WriteRegisterBuf
 .text.RFM_ReadRegisterBuf
                0x08000b3c       0x78 obj\debug\src\rfm75.o
                0x08000b3c                RFM_ReadRegisterBuf
 .text.RFM_InitInterface
                0x08000bb4      0x10c obj\debug\src\rfm75.o
                0x08000bb4                RFM_InitInterface
 .text.RFM_InitCommunication
                0x08000cc0      0x3c8 obj\debug\src\rfm75.o
                0x08000cc0                RFM_InitCommunication
 .text.RFM_ReadConfig
                0x08001088      0x244 obj\debug\src\rfm75.o
                0x08001088                RFM_ReadConfig
 .text.RFM_SetModeTX
                0x080012cc       0xa8 obj\debug\src\rfm75.o
                0x080012cc                RFM_SetModeTX
 .text.RFM_SetStandby_I
                0x08001374       0x78 obj\debug\src\rfm75.o
                0x08001374                RFM_SetStandby_I
 .text.RFM_SetChannel
                0x080013ec       0x20 obj\debug\src\rfm75.o
                0x080013ec                RFM_SetChannel
 .text.RFM_SetTXPower
                0x0800140c       0x50 obj\debug\src\rfm75.o
                0x0800140c                RFM_SetTXPower
 .text.RFM_SetRFGain
                0x0800145c       0x48 obj\debug\src\rfm75.o
                0x0800145c                RFM_SetRFGain
 .text.RFM_WriteByte
                0x080014a4       0x54 obj\debug\src\rfm75.o
                0x080014a4                RFM_WriteByte
 .text.RFM_ReadByte
                0x080014f8       0x8c obj\debug\src\rfm75.o
                0x080014f8                RFM_ReadByte
 .text.RFM_SetTXAddress
                0x08001584       0x28 obj\debug\src\rfm75.o
                0x08001584                RFM_SetTXAddress
 .text.RFM_SetAddressWidth
                0x080015ac       0x20 obj\debug\src\rfm75.o
                0x080015ac                RFM_SetAddressWidth
 .text.RFM_SetRegBank
                0x080015cc       0x64 obj\debug\src\rfm75.o
                0x080015cc                RFM_SetRegBank
 .text.RFM_SetRXAddress
                0x08001630       0x5c obj\debug\src\rfm75.o
                0x08001630                RFM_SetRXAddress
 .text.RFM_Send_NACK_Packet
                0x0800168c       0xcc obj\debug\src\rfm75.o
                0x0800168c                RFM_Send_NACK_Packet
 .text.SHT_InitInterface
                0x08001758       0x64 obj\debug\src\sht1x.o
                0x08001758                SHT_InitInterface
 .text.SHT_GenerateSTART
                0x080017bc       0xb8 obj\debug\src\sht1x.o
                0x080017bc                SHT_GenerateSTART
 .text.SHT_ResetConnection
                0x08001874       0x98 obj\debug\src\sht1x.o
                0x08001874                SHT_ResetConnection
 .text          0x0800190c       0xb8 obj\debug\src\startup_stm32f10x_md.o
                0x0800190c                Reset_Handler
                0x08001952                NMI_Handler
                0x08001954                HardFault_Handler
                0x08001956                MemManage_Handler
                0x08001958                BusFault_Handler
                0x0800195a                UsageFault_Handler
                0x0800195c                SVC_Handler
                0x0800195e                DebugMon_Handler
                0x08001960                PendSV_Handler
                0x08001964                Default_Handler
                0x08001966                WWDG_IRQHandler
                0x08001968                PVD_IRQHandler
                0x0800196a                TAMPER_IRQHandler
                0x0800196c                RTC_IRQHandler
                0x0800196e                FLASH_IRQHandler
                0x08001970                RCC_IRQHandler
                0x08001972                EXTI0_IRQHandler
                0x08001974                EXTI1_IRQHandler
                0x08001976                EXTI2_IRQHandler
                0x08001978                EXTI3_IRQHandler
                0x0800197a                EXTI4_IRQHandler
                0x0800197c                DMA1_Channel1_IRQHandler
                0x0800197e                DMA1_Channel2_IRQHandler
                0x08001980                DMA1_Channel3_IRQHandler
                0x08001982                DMA1_Channel4_IRQHandler
                0x08001984                DMA1_Channel5_IRQHandler
                0x08001986                DMA1_Channel6_IRQHandler
                0x08001988                DMA1_Channel7_IRQHandler
                0x0800198a                ADC1_2_IRQHandler
                0x0800198c                USB_HP_CAN1_TX_IRQHandler
                0x0800198e                USB_LP_CAN1_RX0_IRQHandler
                0x08001990                CAN1_RX1_IRQHandler
                0x08001992                CAN1_SCE_IRQHandler
                0x08001994                EXTI9_5_IRQHandler
                0x08001996                TIM1_BRK_IRQHandler
                0x08001998                TIM1_UP_IRQHandler
                0x0800199a                TIM1_TRG_COM_IRQHandler
                0x0800199c                TIM1_CC_IRQHandler
                0x0800199e                TIM2_IRQHandler
                0x080019a0                TIM3_IRQHandler
                0x080019a2                TIM4_IRQHandler
                0x080019a4                I2C1_EV_IRQHandler
                0x080019a6                I2C1_ER_IRQHandler
                0x080019a8                I2C2_EV_IRQHandler
                0x080019aa                I2C2_ER_IRQHandler
                0x080019ac                SPI1_IRQHandler
                0x080019ae                SPI2_IRQHandler
                0x080019b0                USART1_IRQHandler
                0x080019b2                USART2_IRQHandler
                0x080019b4                USART3_IRQHandler
                0x080019b6                EXTI15_10_IRQHandler
                0x080019b8                RTCAlarm_IRQHandler
                0x080019ba                USBWakeUp_IRQHandler
 .text.SystemInit
                0x080019c4       0xa8 obj\debug\src\system_stm32f10x.o
                0x080019c4                SystemInit
 .text.SystemCoreClockUpdate
                0x08001a6c      0x148 obj\debug\src\system_stm32f10x.o
                0x08001a6c                SystemCoreClockUpdate
 .text.SetSysClock
                0x08001bb4        0xc obj\debug\src\system_stm32f10x.o
 .text.SetSysClockTo72
                0x08001bc0      0x1ac obj\debug\src\system_stm32f10x.o
 .text.exit     0x08001d6c       0x28 c:/program files (x86)/emblocks/2.30/share/em_armgcc/bin/../lib/gcc/arm-none-eabi/4.7.3/../../../../arm-none-eabi/lib/armv7-m\libc_n.a(lib_a-exit.o)
                0x08001d6c                exit
 .text.__libc_init_array
                0x08001d94       0x4c c:/program files (x86)/emblocks/2.30/share/em_armgcc/bin/../lib/gcc/arm-none-eabi/4.7.3/../../../../arm-none-eabi/lib/armv7-m\libc_n.a(lib_a-init.o)
                0x08001d94                __libc_init_array
 .text.memset   0x08001de0       0x10 c:/program files (x86)/emblocks/2.30/share/em_armgcc/bin/../lib/gcc/arm-none-eabi/4.7.3/../../../../arm-none-eabi/lib/armv7-m\libc_n.a(lib_a-memset.o)
                0x08001de0                memset
 .text._exit    0x08001df0        0x4 c:/program files (x86)/emblocks/2.30/share/em_armgcc/bin/../lib/gcc/arm-none-eabi/4.7.3/../../../../arm-none-eabi/lib/armv7-m\libnosys.a(_exit.o)
                0x08001df0                _exit
 *(.init)
 .init          0x08001df4        0x4 c:/program files (x86)/emblocks/2.30/share/em_armgcc/bin/../lib/gcc/arm-none-eabi/4.7.3/armv7-m/crti.o
                0x08001df4                _init
 .init          0x08001df8        0x8 c:/program files (x86)/emblocks/2.30/share/em_armgcc/bin/../lib/gcc/arm-none-eabi/4.7.3/armv7-m/crtn.o
 *(.fini)
 .fini          0x08001e00        0x4 c:/program files (x86)/emblocks/2.30/share/em_armgcc/bin/../lib/gcc/arm-none-eabi/4.7.3/armv7-m/crti.o
                0x08001e00                _fini
 .fini          0x08001e04        0x8 c:/program files (x86)/emblocks/2.30/share/em_armgcc/bin/../lib/gcc/arm-none-eabi/4.7.3/armv7-m/crtn.o
 *crtbegin.o(.ctors)
 *crtbegin?.o(.ctors)
 *(EXCLUDE_FILE(*crtend.o *crtend?.o) .ctors)
 *(SORT(.ctors.*))
 *(.ctors)
 *crtbegin.o(.dtors)
 *crtbegin?.o(.dtors)
 *(EXCLUDE_FILE(*crtend.o *crtend?.o) .dtors)
 *(SORT(.dtors.*))
 *(.dtors)
 *(.rodata*)
 .rodata.Bank1_R0
                0x08001e0c        0x4 obj\debug\src\rfm75.o
                0x08001e0c                Bank1_R0
 .rodata.Bank1_R1
                0x08001e10        0x4 obj\debug\src\rfm75.o
                0x08001e10                Bank1_R1
 .rodata.Bank1_R2
                0x08001e14        0x4 obj\debug\src\rfm75.o
                0x08001e14                Bank1_R2
 .rodata.Bank1_R3
                0x08001e18        0x4 obj\debug\src\rfm75.o
                0x08001e18                Bank1_R3
 .rodata.Bank1_R4_2Msps
                0x08001e1c        0x4 obj\debug\src\rfm75.o
                0x08001e1c                Bank1_R4_2Msps
 .rodata.Bank1_R5_2Msps
                0x08001e20        0x4 obj\debug\src\rfm75.o
                0x08001e20                Bank1_R5_2Msps
 .rodata.Bank1_R12
                0x08001e24        0x4 obj\debug\src\rfm75.o
                0x08001e24                Bank1_R12
 .rodata.Bank1_R13
                0x08001e28        0x4 obj\debug\src\rfm75.o
                0x08001e28                Bank1_R13
 .rodata.Bank1_R14
                0x08001e2c        0xc obj\debug\src\rfm75.o
                0x08001e2c                Bank1_R14
 .rodata.str1.1
                0x08001e38        0x2 c:/program files (x86)/emblocks/2.30/share/em_armgcc/bin/../lib/gcc/arm-none-eabi/4.7.3/../../../../arm-none-eabi/lib/armv7-m\libc_n.a(lib_a-impure.o)
 *fill*         0x08001e3a        0x2 
 .rodata._global_impure_ptr
                0x08001e3c        0x4 c:/program files (x86)/emblocks/2.30/share/em_armgcc/bin/../lib/gcc/arm-none-eabi/4.7.3/../../../../arm-none-eabi/lib/armv7-m\libc_n.a(lib_a-impure.o)
                0x08001e3c                _global_impure_ptr
 *(.eh_frame*)
 .eh_frame      0x08001e40        0x0 c:/program files (x86)/emblocks/2.30/share/em_armgcc/bin/../lib/gcc/arm-none-eabi/4.7.3/armv7-m/crtbegin.o
 .eh_frame      0x08001e40        0x4 c:/program files (x86)/emblocks/2.30/share/em_armgcc/bin/../lib/gcc/arm-none-eabi/4.7.3/armv7-m/crtend.o

.glue_7         0x08001e44        0x0
 .glue_7        0x00000000        0x0 linker stubs

.glue_7t        0x08001e44        0x0
 .glue_7t       0x00000000        0x0 linker stubs

.vfp11_veneer   0x08001e44        0x0
 .vfp11_veneer  0x00000000        0x0 linker stubs

.v4_bx          0x08001e44        0x0
 .v4_bx         0x00000000        0x0 linker stubs

.iplt           0x08001e44        0x0
 .iplt          0x00000000        0x0 c:/program files (x86)/emblocks/2.30/share/em_armgcc/bin/../lib/gcc/arm-none-eabi/4.7.3/armv7-m/crtbegin.o

.ARM.extab
 *(.ARM.extab* .gnu.linkonce.armextab.*)
                0x08001e44                __exidx_start = .

.ARM.exidx      0x08001e44        0x8
 *(.ARM.exidx* .gnu.linkonce.armexidx.*)
 .ARM.exidx     0x08001e44        0x8 c:/program files (x86)/emblocks/2.30/share/em_armgcc/bin/../lib/gcc/arm-none-eabi/4.7.3/../../../../arm-none-eabi/lib/armv7-m/crt0.o
                0x08001e4c                __exidx_end = .
                0x08001e4c                __etext = .

.rel.dyn        0x08001e4c        0x0
 .rel.iplt      0x00000000        0x0 c:/program files (x86)/emblocks/2.30/share/em_armgcc/bin/../lib/gcc/arm-none-eabi/4.7.3/armv7-m/crtbegin.o

.data           0x20000000       0xf0 load address 0x08001e4c
                0x20000000                __data_start__ = .
 *(vtable)
 *(.data*)
 .data.RFM_Registers
                0x20000000       0x20 obj\debug\src\rfm75.o
                0x20000000                RFM_Registers
 .data.DataPacket
                0x20000020       0x50 obj\debug\src\rfm75.o
                0x20000020                DataPacket
 .data.p_RFM_RegistersTMP
                0x20000070        0x4 obj\debug\src\rfm75.o
                0x20000070                p_RFM_RegistersTMP
 .data.SystemCoreClock
                0x20000074        0x4 obj\debug\src\system_stm32f10x.o
                0x20000074                SystemCoreClock
 .data.AHBPrescTable
                0x20000078       0x10 obj\debug\src\system_stm32f10x.o
                0x20000078                AHBPrescTable
 .data.impure_data
                0x20000088       0x60 c:/program files (x86)/emblocks/2.30/share/em_armgcc/bin/../lib/gcc/arm-none-eabi/4.7.3/../../../../arm-none-eabi/lib/armv7-m\libc_n.a(lib_a-impure.o)
                0x200000e8                . = ALIGN (0x4)
                0x200000e8                PROVIDE (__preinit_array_start, .)
 *(.preinit_array)
                0x200000e8                PROVIDE (__preinit_array_end, .)
                0x200000e8                . = ALIGN (0x4)
                0x200000e8                PROVIDE (__init_array_start, .)
 *(SORT(.init_array.*))
 *(.init_array)
 .init_array    0x200000e8        0x4 c:/program files (x86)/emblocks/2.30/share/em_armgcc/bin/../lib/gcc/arm-none-eabi/4.7.3/armv7-m/crtbegin.o
                0x200000ec                PROVIDE (__init_array_end, .)
                0x200000ec                . = ALIGN (0x4)
                0x200000ec                PROVIDE (__fini_array_start, .)
 *(SORT(.fini_array.*))
 *(.fini_array)
 .fini_array    0x200000ec        0x4 c:/program files (x86)/emblocks/2.30/share/em_armgcc/bin/../lib/gcc/arm-none-eabi/4.7.3/armv7-m/crtbegin.o
                0x200000f0                PROVIDE (__fini_array_end, .)
                0x200000f0                . = ALIGN (0x4)
                0x200000f0                __data_end__ = .

.jcr            0x200000f0        0x0 load address 0x08001f3c
 .jcr           0x200000f0        0x0 c:/program files (x86)/emblocks/2.30/share/em_armgcc/bin/../lib/gcc/arm-none-eabi/4.7.3/armv7-m/crtbegin.o

.igot.plt       0x200000f0        0x0 load address 0x08001f3c
 .igot.plt      0x00000000        0x0 c:/program files (x86)/emblocks/2.30/share/em_armgcc/bin/../lib/gcc/arm-none-eabi/4.7.3/armv7-m/crtbegin.o

.bss            0x200000f0       0x6e load address 0x08001f3c
                0x200000f0                __bss_start__ = .
 *(.bss*)
 .bss           0x200000f0       0x1c c:/program files (x86)/emblocks/2.30/share/em_armgcc/bin/../lib/gcc/arm-none-eabi/4.7.3/armv7-m/crtbegin.o
 .bss.LED1_Flag
                0x2000010c        0x1 obj\debug\src\main.o
                0x2000010c                LED1_Flag
 .bss.LED2_Flag
                0x2000010d        0x1 obj\debug\src\main.o
                0x2000010d                LED2_Flag
 *fill*         0x2000010e        0x2 
 .bss.RFM_RegistersTMP
                0x20000110       0x20 obj\debug\src\rfm75.o
                0x20000110                RFM_RegistersTMP
 *(COMMON)
 COMMON         0x20000130       0x2e obj\debug\src\main.o
                0x20000130                p_PacketStruct
                0x20000134                DelayCnt
                0x20000136                Temp
                0x20000138                LED_Cnt
                0x2000013c                SystemTimer
                0x20000140                TmpArray
                0x20000154                p_SHT_Struct
                0x20000158                Flags
                0x2000015c                DataSend_Cnt
                0x2000015e                __bss_end__ = .

.heap           0x20000160        0x0
                0x20000160                __end__ = .
                0x20000160                end = __end__
 *(.heap*)
 .heap          0x20000160        0x0 obj\debug\src\startup_stm32f10x_md.o
                0x20000160                __HeapLimit = .

.stack_dummy    0x20000160      0x200
 *(.stack)
 .stack         0x20000160      0x200 obj\debug\src\startup_stm32f10x_md.o
                0x20005000                __StackTop = (ORIGIN (RAM) + 0x5000)
                0x20004e00                __StackLimit = (__StackTop - SIZEOF (.stack_dummy))
                0x20005000                PROVIDE (__stack, __StackTop)
                0x00000001                ASSERT ((__StackLimit >= __HeapLimit), region RAM overflowed with stack)
LOAD obj\debug\spl\src\misc.o
LOAD obj\debug\spl\src\stm32f10x_adc.o
LOAD obj\debug\spl\src\stm32f10x_bkp.o
LOAD obj\debug\spl\src\stm32f10x_can.o
LOAD obj\debug\spl\src\stm32f10x_cec.o
LOAD obj\debug\spl\src\stm32f10x_crc.o
LOAD obj\debug\spl\src\stm32f10x_dac.o
LOAD obj\debug\spl\src\stm32f10x_dbgmcu.o
LOAD obj\debug\spl\src\stm32f10x_dma.o
LOAD obj\debug\spl\src\stm32f10x_exti.o
LOAD obj\debug\spl\src\stm32f10x_flash.o
LOAD obj\debug\spl\src\stm32f10x_fsmc.o
LOAD obj\debug\spl\src\stm32f10x_gpio.o
LOAD obj\debug\spl\src\stm32f10x_i2c.o
LOAD obj\debug\spl\src\stm32f10x_iwdg.o
LOAD obj\debug\spl\src\stm32f10x_pwr.o
LOAD obj\debug\spl\src\stm32f10x_rcc.o
LOAD obj\debug\spl\src\stm32f10x_rtc.o
LOAD obj\debug\spl\src\stm32f10x_sdio.o
LOAD obj\debug\spl\src\stm32f10x_spi.o
LOAD obj\debug\spl\src\stm32f10x_tim.o
LOAD obj\debug\spl\src\stm32f10x_usart.o
LOAD obj\debug\spl\src\stm32f10x_wwdg.o
LOAD obj\debug\src\loops.o
LOAD obj\debug\src\main.o
LOAD obj\debug\src\rfm75.o
LOAD obj\debug\src\sht1x.o
LOAD obj\debug\src\startup_stm32f10x_md.o
LOAD obj\debug\src\system_stm32f10x.o
LOAD c:/program files (x86)/emblocks/2.30/share/em_armgcc/bin/../lib/gcc/arm-none-eabi/4.7.3/../../../../arm-none-eabi/lib/armv7-m\libm.a
LOAD C:\Program Files (x86)\EmBlocks\2.30\share\em_armgcc\arm-none-eabi\lib\libm.a
START GROUP
LOAD c:/program files (x86)/emblocks/2.30/share/em_armgcc/bin/../lib/gcc/arm-none-eabi/4.7.3/armv7-m\libgcc.a
LOAD c:/program files (x86)/emblocks/2.30/share/em_armgcc/bin/../lib/gcc/arm-none-eabi/4.7.3/../../../../arm-none-eabi/lib/armv7-m\libc_n.a
LOAD c:/program files (x86)/emblocks/2.30/share/em_armgcc/bin/../lib/gcc/arm-none-eabi/4.7.3/../../../../arm-none-eabi/lib/armv7-m\libg_n.a
LOAD c:/program files (x86)/emblocks/2.30/share/em_armgcc/bin/../lib/gcc/arm-none-eabi/4.7.3/../../../../arm-none-eabi/lib/armv7-m\libnosys.a
END GROUP
LOAD c:/program files (x86)/emblocks/2.30/share/em_armgcc/bin/../lib/gcc/arm-none-eabi/4.7.3/armv7-m/crtend.o
LOAD c:/program files (x86)/emblocks/2.30/share/em_armgcc/bin/../lib/gcc/arm-none-eabi/4.7.3/armv7-m/crtn.o
OUTPUT(bin\Debug\WirelessTMP.elf elf32-littlearm)

.ARM.attributes
                0x00000000       0x29
 .ARM.attributes
                0x00000000       0x1d c:/program files (x86)/emblocks/2.30/share/em_armgcc/bin/../lib/gcc/arm-none-eabi/4.7.3/armv7-m/crti.o
 .ARM.attributes
                0x0000001d       0x2d c:/program files (x86)/emblocks/2.30/share/em_armgcc/bin/../lib/gcc/arm-none-eabi/4.7.3/armv7-m/crtbegin.o
 .ARM.attributes
                0x0000004a       0x1b c:/program files (x86)/emblocks/2.30/share/em_armgcc/bin/../lib/gcc/arm-none-eabi/4.7.3/../../../../arm-none-eabi/lib/armv7-m/crt0.o
 .ARM.attributes
                0x00000065       0x33 obj\debug\spl\src\stm32f10x_gpio.o
 .ARM.attributes
                0x00000098       0x33 obj\debug\spl\src\stm32f10x_rcc.o
 .ARM.attributes
                0x000000cb       0x33 obj\debug\spl\src\stm32f10x_spi.o
 .ARM.attributes
                0x000000fe       0x33 obj\debug\src\loops.o
 .ARM.attributes
                0x00000131       0x33 obj\debug\src\main.o
 .ARM.attributes
                0x00000164       0x33 obj\debug\src\rfm75.o
 .ARM.attributes
                0x00000197       0x33 obj\debug\src\sht1x.o
 .ARM.attributes
                0x000001ca       0x1b obj\debug\src\startup_stm32f10x_md.o
 .ARM.attributes
                0x000001e5       0x33 obj\debug\src\system_stm32f10x.o
 .ARM.attributes
                0x00000218       0x2d c:/program files (x86)/emblocks/2.30/share/em_armgcc/bin/../lib/gcc/arm-none-eabi/4.7.3/../../../../arm-none-eabi/lib/armv7-m\libc_n.a(lib_a-exit.o)
 .ARM.attributes
                0x00000245       0x2d c:/program files (x86)/emblocks/2.30/share/em_armgcc/bin/../lib/gcc/arm-none-eabi/4.7.3/../../../../arm-none-eabi/lib/armv7-m\libc_n.a(lib_a-impure.o)
 .ARM.attributes
                0x00000272       0x2d c:/program files (x86)/emblocks/2.30/share/em_armgcc/bin/../lib/gcc/arm-none-eabi/4.7.3/../../../../arm-none-eabi/lib/armv7-m\libc_n.a(lib_a-init.o)
 .ARM.attributes
                0x0000029f       0x2d c:/program files (x86)/emblocks/2.30/share/em_armgcc/bin/../lib/gcc/arm-none-eabi/4.7.3/../../../../arm-none-eabi/lib/armv7-m\libc_n.a(lib_a-memset.o)
 .ARM.attributes
                0x000002cc       0x2d c:/program files (x86)/emblocks/2.30/share/em_armgcc/bin/../lib/gcc/arm-none-eabi/4.7.3/../../../../arm-none-eabi/lib/armv7-m\libnosys.a(_exit.o)
 .ARM.attributes
                0x000002f9       0x2d c:/program files (x86)/emblocks/2.30/share/em_armgcc/bin/../lib/gcc/arm-none-eabi/4.7.3/armv7-m/crtend.o
 .ARM.attributes
                0x00000326       0x1d c:/program files (x86)/emblocks/2.30/share/em_armgcc/bin/../lib/gcc/arm-none-eabi/4.7.3/armv7-m/crtn.o

.comment        0x00000000       0x38
 .comment       0x00000000       0x38 obj\debug\spl\src\stm32f10x_gpio.o
                                 0x39 (size before relaxing)
 .comment       0x00000000       0x39 obj\debug\spl\src\stm32f10x_rcc.o
 .comment       0x00000000       0x39 obj\debug\spl\src\stm32f10x_spi.o
 .comment       0x00000000       0x39 obj\debug\src\loops.o
 .comment       0x00000000       0x39 obj\debug\src\main.o
 .comment       0x00000000       0x39 obj\debug\src\rfm75.o
 .comment       0x00000000       0x39 obj\debug\src\sht1x.o
 .comment       0x00000000       0x39 obj\debug\src\system_stm32f10x.o

.debug_info     0x00000000     0x421f
 .debug_info    0x00000000      0x76d obj\debug\spl\src\stm32f10x_gpio.o
 .debug_info    0x0000076d      0x959 obj\debug\spl\src\stm32f10x_rcc.o
 .debug_info    0x000010c6      0x9c0 obj\debug\spl\src\stm32f10x_spi.o
 .debug_info    0x00001a86       0xd0 obj\debug\src\loops.o
 .debug_info    0x00001b56      0xceb obj\debug\src\main.o
 .debug_info    0x00002841     0x1047 obj\debug\src\rfm75.o
 .debug_info    0x00003888      0x42c obj\debug\src\sht1x.o
 .debug_info    0x00003cb4       0x7f obj\debug\src\startup_stm32f10x_md.o
 .debug_info    0x00003d33      0x4ec obj\debug\src\system_stm32f10x.o

.debug_abbrev   0x00000000      0xe79
 .debug_abbrev  0x00000000      0x1cf obj\debug\spl\src\stm32f10x_gpio.o
 .debug_abbrev  0x000001cf      0x1c1 obj\debug\spl\src\stm32f10x_rcc.o
 .debug_abbrev  0x00000390      0x185 obj\debug\spl\src\stm32f10x_spi.o
 .debug_abbrev  0x00000515       0x7f obj\debug\src\loops.o
 .debug_abbrev  0x00000594      0x292 obj\debug\src\main.o
 .debug_abbrev  0x00000826      0x32d obj\debug\src\rfm75.o
 .debug_abbrev  0x00000b53      0x1bf obj\debug\src\sht1x.o
 .debug_abbrev  0x00000d12       0x14 obj\debug\src\startup_stm32f10x_md.o
 .debug_abbrev  0x00000d26      0x153 obj\debug\src\system_stm32f10x.o

.debug_loc      0x00000000     0x1c34
 .debug_loc     0x00000000      0x3e4 obj\debug\spl\src\stm32f10x_gpio.o
 .debug_loc     0x000003e4      0x6dc obj\debug\spl\src\stm32f10x_rcc.o
 .debug_loc     0x00000ac0      0x508 obj\debug\spl\src\stm32f10x_spi.o
 .debug_loc     0x00000fc8       0x70 obj\debug\src\loops.o
 .debug_loc     0x00001038      0x1b4 obj\debug\src\main.o
 .debug_loc     0x000011ec      0x804 obj\debug\src\rfm75.o
 .debug_loc     0x000019f0      0x17c obj\debug\src\sht1x.o
 .debug_loc     0x00001b6c       0xc8 obj\debug\src\system_stm32f10x.o

.debug_aranges  0x00000000      0x508
 .debug_aranges
                0x00000000       0xa8 obj\debug\spl\src\stm32f10x_gpio.o
 .debug_aranges
                0x000000a8      0x118 obj\debug\spl\src\stm32f10x_rcc.o
 .debug_aranges
                0x000001c0       0xd0 obj\debug\spl\src\stm32f10x_spi.o
 .debug_aranges
                0x00000290       0x28 obj\debug\src\loops.o
 .debug_aranges
                0x000002b8       0x58 obj\debug\src\main.o
 .debug_aranges
                0x00000310      0x150 obj\debug\src\rfm75.o
 .debug_aranges
                0x00000460       0x50 obj\debug\src\sht1x.o
 .debug_aranges
                0x000004b0       0x20 obj\debug\src\startup_stm32f10x_md.o
 .debug_aranges
                0x000004d0       0x38 obj\debug\src\system_stm32f10x.o

.debug_ranges   0x00000000      0x468
 .debug_ranges  0x00000000       0x98 obj\debug\spl\src\stm32f10x_gpio.o
 .debug_ranges  0x00000098      0x108 obj\debug\spl\src\stm32f10x_rcc.o
 .debug_ranges  0x000001a0       0xc0 obj\debug\spl\src\stm32f10x_spi.o
 .debug_ranges  0x00000260       0x18 obj\debug\src\loops.o
 .debug_ranges  0x00000278       0x48 obj\debug\src\main.o
 .debug_ranges  0x000002c0      0x140 obj\debug\src\rfm75.o
 .debug_ranges  0x00000400       0x40 obj\debug\src\sht1x.o
 .debug_ranges  0x00000440       0x28 obj\debug\src\system_stm32f10x.o

.debug_macro    0x00000000     0x2e0e
 .debug_macro   0x00000000      0x1c5 obj\debug\spl\src\stm32f10x_gpio.o
 .debug_macro   0x000001c5      0x2a6 obj\debug\spl\src\stm32f10x_gpio.o
 .debug_macro   0x0000046b      0x293 obj\debug\spl\src\stm32f10x_rcc.o
 .debug_macro   0x000006fe      0x3dc obj\debug\spl\src\stm32f10x_rcc.o
 .debug_macro   0x00000ada      0x1dd obj\debug\spl\src\stm32f10x_spi.o
 .debug_macro   0x00000cb7      0x2be obj\debug\spl\src\stm32f10x_spi.o
 .debug_macro   0x00000f75      0x120 obj\debug\src\loops.o
 .debug_macro   0x00001095       0x58 obj\debug\src\loops.o
 .debug_macro   0x000010ed       0x35 obj\debug\src\loops.o
 .debug_macro   0x00001122       0xa3 obj\debug\src\loops.o
 .debug_macro   0x000011c5       0x16 obj\debug\src\loops.o
 .debug_macro   0x000011db       0x97 obj\debug\src\loops.o
 .debug_macro   0x00001272       0x10 obj\debug\src\loops.o
 .debug_macro   0x00001282       0xf5 obj\debug\src\loops.o
 .debug_macro   0x00001377       0x4a obj\debug\src\loops.o
 .debug_macro   0x000013c1       0x52 obj\debug\src\loops.o
 .debug_macro   0x00001413       0x16 obj\debug\src\loops.o
 .debug_macro   0x00001429       0x43 obj\debug\src\loops.o
 .debug_macro   0x0000146c      0x180 obj\debug\src\loops.o
 .debug_macro   0x000015ec       0x10 obj\debug\src\loops.o
 .debug_macro   0x000015fc       0x22 obj\debug\src\loops.o
 .debug_macro   0x0000161e       0xbd obj\debug\src\loops.o
 .debug_macro   0x000016db       0x16 obj\debug\src\loops.o
 .debug_macro   0x000016f1      0x14a obj\debug\src\loops.o
 .debug_macro   0x0000183b       0x16 obj\debug\src\loops.o
 .debug_macro   0x00001851       0x35 obj\debug\src\loops.o
 .debug_macro   0x00001886       0x22 obj\debug\src\loops.o
 .debug_macro   0x000018a8      0x23a obj\debug\src\main.o
 .debug_macro   0x00001ae2      0x16c obj\debug\src\main.o
 .debug_macro   0x00001c4e       0xde obj\debug\src\main.o
 .debug_macro   0x00001d2c      0x34e obj\debug\src\main.o
 .debug_macro   0x0000207a      0x1b8 obj\debug\src\main.o
 .debug_macro   0x00002232       0x58 obj\debug\src\main.o
 .debug_macro   0x0000228a      0x362 obj\debug\src\main.o
 .debug_macro   0x000025ec      0x1a6 obj\debug\src\rfm75.o
 .debug_macro   0x00002792      0x35c obj\debug\src\rfm75.o
 .debug_macro   0x00002aee      0x1a6 obj\debug\src\sht1x.o
 .debug_macro   0x00002c94      0x17a obj\debug\src\system_stm32f10x.o

.debug_line     0x00000000     0x31f5
 .debug_line    0x00000000      0x64b obj\debug\spl\src\stm32f10x_gpio.o
 .debug_line    0x0000064b      0x75a obj\debug\spl\src\stm32f10x_rcc.o
 .debug_line    0x00000da5      0x6ac obj\debug\spl\src\stm32f10x_spi.o
 .debug_line    0x00001451      0x31f obj\debug\src\loops.o
 .debug_line    0x00001770      0x63b obj\debug\src\main.o
 .debug_line    0x00001dab      0x8d6 obj\debug\src\rfm75.o
 .debug_line    0x00002681      0x59d obj\debug\src\sht1x.o
 .debug_line    0x00002c1e       0xa8 obj\debug\src\startup_stm32f10x_md.o
 .debug_line    0x00002cc6      0x52f obj\debug\src\system_stm32f10x.o

.debug_str      0x00000000    0x53d46
 .debug_str     0x00000000    0x4e41d obj\debug\spl\src\stm32f10x_gpio.o
                              0x4e5c7 (size before relaxing)
 .debug_str     0x0004e41d      0xb44 obj\debug\spl\src\stm32f10x_rcc.o
                              0x4ebad (size before relaxing)
 .debug_str     0x0004ef61      0x607 obj\debug\spl\src\stm32f10x_spi.o
                              0x4e6c7 (size before relaxing)
 .debug_str     0x0004f568     0x1ffd obj\debug\src\loops.o
                               0x44e7 (size before relaxing)
 .debug_str     0x00051565     0x2301 obj\debug\src\main.o
                              0x51b89 (size before relaxing)
 .debug_str     0x00053866      0x3ae obj\debug\src\rfm75.o
                              0x4fe23 (size before relaxing)
 .debug_str     0x00053c14       0x8b obj\debug\src\sht1x.o
                              0x4f167 (size before relaxing)
 .debug_str     0x00053c9f       0xa7 obj\debug\src\system_stm32f10x.o
                              0x4e188 (size before relaxing)

.debug_frame    0x00000000     0x1034
 .debug_frame   0x00000000      0x210 obj\debug\spl\src\stm32f10x_gpio.o
 .debug_frame   0x00000210      0x388 obj\debug\spl\src\stm32f10x_rcc.o
 .debug_frame   0x00000598      0x29c obj\debug\spl\src\stm32f10x_spi.o
 .debug_frame   0x00000834       0x4c obj\debug\src\loops.o
 .debug_frame   0x00000880       0xfc obj\debug\src\main.o
 .debug_frame   0x0000097c      0x4b8 obj\debug\src\rfm75.o
 .debug_frame   0x00000e34       0xec obj\debug\src\sht1x.o
 .debug_frame   0x00000f20       0x80 obj\debug\src\system_stm32f10x.o
 .debug_frame   0x00000fa0       0x28 c:/program files (x86)/emblocks/2.30/share/em_armgcc/bin/../lib/gcc/arm-none-eabi/4.7.3/../../../../arm-none-eabi/lib/armv7-m\libc_n.a(lib_a-exit.o)
 .debug_frame   0x00000fc8       0x2c c:/program files (x86)/emblocks/2.30/share/em_armgcc/bin/../lib/gcc/arm-none-eabi/4.7.3/../../../../arm-none-eabi/lib/armv7-m\libc_n.a(lib_a-init.o)
 .debug_frame   0x00000ff4       0x20 c:/program files (x86)/emblocks/2.30/share/em_armgcc/bin/../lib/gcc/arm-none-eabi/4.7.3/../../../../arm-none-eabi/lib/armv7-m\libc_n.a(lib_a-memset.o)
 .debug_frame   0x00001014       0x20 c:/program files (x86)/emblocks/2.30/share/em_armgcc/bin/../lib/gcc/arm-none-eabi/4.7.3/../../../../arm-none-eabi/lib/armv7-m\libnosys.a(_exit.o)
